// Jest Snapshot v1, https://goo.gl/fbAQLP

exports[`App component renders App 1`] = `
<Fragment>
  <List
    onChange={[Function]}
    queens={Array []}
  />
  <Result
    onClick={[Function]}
    queen={Object {}}
  />
  <Lipsyncs
    lipsyncs={Array []}
    queen={Object {}}
  />
</Fragment>
`;
